../TouchGFX/gui/src/model/Model.cpp:8:1:Model::Model()	4	static
../TouchGFX/gui/src/model/Model.cpp:18:6:void Model::tick()	8	static
../TouchGFX/gui/src/model/Model.cpp:23:6:void Model::setFXname(char*)	8	static
../TouchGFX/gui/src/model/Model.cpp:32:6:void Model::getFXname(char*)	8	static
../TouchGFX/gui/src/model/Model.cpp:41:6:void Model::read_preset_data()	8	static
../TouchGFX/gui/src/model/Model.cpp:52:6:void Model::read_loop_data(uint8_t)	8	static
../TouchGFX/gui/src/model/Model.cpp:56:6:void Model::read_fx_param(uint8_t)	8	static
../TouchGFX/gui/src/model/Model.cpp:60:6:void Model::read_info()	8	static
../TouchGFX/gui/src/model/Model.cpp:64:6:void Model::read_loopbypass()	8	static
../TouchGFX/gui/src/model/Model.cpp:68:21:sab_preset_num_tun Model::get_preset_data()	0	static
../TouchGFX/gui/src/model/Model.cpp:78:20:sab_loop_num_tun Model::get_loop_data(uint8_t)	12	static
../TouchGFX/gui/src/model/Model.cpp:82:21:sab_fx_param_tun Model::get_fx_param(uint8_t)	0	static
../TouchGFX/gui/src/model/Model.cpp:86:21:sab_info_tun Model::get_info()	0	static
../TouchGFX/gui/src/model/Model.cpp:90:21:sab_loopbypass_tun Model::get_loopbypass()	8	static
../TouchGFX/gui/src/model/Model.cpp:94:9:uint8_t Model::get_num_of_implemented_fx()	0	static
../TouchGFX/gui/src/model/Model.cpp:98:14:fx_data_tst* Model::get_implemented_fx()	0	static
../TouchGFX/gui/src/model/Model.cpp:103:6:void Model::set_save()	0	static
../TouchGFX/gui/src/model/Model.cpp:107:6:void Model::set_fx_param(uint8_t, uint8_t)	8	static
../TouchGFX/gui/src/model/Model.cpp:112:6:void Model::set_loopbypass(uint8_t, uint8_t)	8	static
../TouchGFX/gui/src/model/Model.cpp:118:6:void Model::set_loop_data(sab_loop_num_tun*)	8	static
../TouchGFX/gui/src/model/Model.cpp:130:6:void Model::set_current_loop_num(uint8_t)	0	static
../TouchGFX/gui/src/model/Model.cpp:134:6:void Model::set_current_fx_slot_num(uint8_t)	0	static
../TouchGFX/gui/src/model/Model.cpp:144:9:uint8_t Model::get_current_loop_num()	0	static
../TouchGFX/gui/src/model/Model.cpp:148:9:uint8_t Model::get_current_fx_slot_num()	0	static
../TouchGFX/gui/src/model/Model.cpp:152:11:uint32_t* Model::get_adc_value_ptr()	0	static
