../Middlewares/ST/touchgfx/framework/include/mvp/Presenter.hpp:37:18:virtual void touchgfx::Presenter::activate()	0	static
../Middlewares/ST/touchgfx/framework/include/mvp/Presenter.hpp:47:18:virtual void touchgfx::Presenter::deactivate()	0	static
../Middlewares/ST/touchgfx/framework/include/mvp/Presenter.hpp:52:13:touchgfx::Presenter::~Presenter()	0	static
../TouchGFX/gui/include/gui/model/ModelListener.hpp:11:13:ModelListener::~ModelListener()	0	static
../TouchGFX/gui/include/gui/model/ModelListener.hpp:17:18:virtual void ModelListener::set_sliders_value(uint32_t*)	0	static
../TouchGFX/gui/include/gui/model/ModelListener.hpp:18:18:virtual void ModelListener::update_screen()	0	static
../TouchGFX/gui/include/gui/screen_loop_screen/screen_loopPresenter.hpp:29:13:screen_loopPresenter::~screen_loopPresenter()	0	static
../TouchGFX/gui/src/screen_loop_screen/screen_loopPresenter.cpp:10:6:virtual void screen_loopPresenter::activate()	0	static
../TouchGFX/gui/src/screen_loop_screen/screen_loopPresenter.cpp:15:6:virtual void screen_loopPresenter::deactivate()	0	static
../TouchGFX/gui/src/screen_loop_screen/screen_loopPresenter.cpp:25:6:virtual void screen_loopPresenter::update_screen()	8	static
../Middlewares/ST/touchgfx/framework/include/mvp/Presenter.hpp:52:13:virtual touchgfx::Presenter::~Presenter()	8	static
../TouchGFX/gui/include/gui/model/ModelListener.hpp:11:13:virtual ModelListener::~ModelListener()	8	static
../TouchGFX/gui/include/gui/screen_loop_screen/screen_loopPresenter.hpp:29:13:virtual screen_loopPresenter::~screen_loopPresenter()	8	static
../TouchGFX/gui/include/gui/screen_loop_screen/screen_loopPresenter.hpp:29:13:virtual void* screen_loopPresenter::_ZThn4_N20screen_loopPresenterD1Ev()	0	static
../TouchGFX/gui/include/gui/screen_loop_screen/screen_loopPresenter.hpp:29:13:virtual void* screen_loopPresenter::_ZThn4_N20screen_loopPresenterD0Ev()	8	static
../TouchGFX/gui/src/screen_loop_screen/screen_loopPresenter.cpp:4:1:screen_loopPresenter::screen_loopPresenter(screen_loopView&)	4	static
../TouchGFX/gui/src/screen_loop_screen/screen_loopPresenter.cpp:20:6:void screen_loopPresenter::setFXname(char*)	8	static
