../TouchGFX/target/STM32TouchController.cpp:30:13:void ConvXPTtoILI(uint16_t*, uint16_t*)	4	static
../TouchGFX/target/STM32TouchController.cpp:59:6:virtual void STM32TouchController::init()	0	static
../TouchGFX/target/STM32TouchController.hpp:38:7:STM32TouchController::~STM32TouchController()	0	static
../TouchGFX/target/STM32TouchController.cpp:67:6:virtual bool STM32TouchController::sampleTouch(int32_t&, int32_t&)	24	static
../TouchGFX/target/STM32TouchController.hpp:38:7:virtual STM32TouchController::~STM32TouchController()	8	static
