../Middlewares/ST/touchgfx/framework/include/touchgfx/hal/HAL.hpp:124:18:virtual void touchgfx::HAL::setDisplayOrientation(touchgfx::DisplayOrientation)	0	static
../Middlewares/ST/touchgfx/framework/include/touchgfx/hal/HAL.hpp:320:28:virtual touchgfx::BlitOperations touchgfx::HAL::getBlitCaps()	8	static
../Middlewares/ST/touchgfx/framework/include/touchgfx/hal/HAL.hpp:670:18:virtual bool touchgfx::HAL::sampleKey(uint8_t&)	0	static
../Middlewares/ST/touchgfx/framework/include/touchgfx/hal/HAL.hpp:737:18:virtual void touchgfx::HAL::setAnimationStorage(void*)	0	static
../Middlewares/ST/touchgfx/framework/include/touchgfx/hal/HAL.hpp:876:30:virtual touchgfx::FlashDataReader* touchgfx::HAL::getFlashDataReader() const	0	static
../Middlewares/ST/touchgfx/framework/include/touchgfx/hal/HAL.hpp:1025:18:virtual void touchgfx::HAL::taskDelay(uint16_t)	8	static
../Middlewares/ST/touchgfx/framework/include/touchgfx/hal/HAL.hpp:1052:22:virtual uint16_t touchgfx::HAL::getTFTCurrentLine()	0	static
../Middlewares/ST/touchgfx/framework/include/touchgfx/hal/HAL.hpp:1063:21:virtual touchgfx::DMAType touchgfx::HAL::getDMAType()	8	static
../Middlewares/ST/touchgfx/framework/include/touchgfx/hal/HAL.hpp:1162:18:virtual void touchgfx::HAL::performDisplayOrientationChange()	0	static
../TouchGFX/target/TouchGFXHAL.hpp:36:7:TouchGFXHAL::~TouchGFXHAL()	0	static
../TouchGFX/target/TouchGFXHAL.cpp:44:6:virtual void TouchGFXHAL::initialize()	8	static
../TouchGFX/target/TouchGFXHAL.cpp:60:11:virtual uint16_t* TouchGFXHAL::getTFTFrameBuffer() const	8	static
../TouchGFX/target/TouchGFXHAL.cpp:75:6:virtual void TouchGFXHAL::setTFTFrameBuffer(uint16_t*)	8	static
../TouchGFX/target/TouchGFXHAL.cpp:92:6:virtual void TouchGFXHAL::flushFrameBuffer(const touchgfx::Rect&)	8	static
../TouchGFX/target/TouchGFXHAL.cpp:107:6:virtual bool TouchGFXHAL::blockCopy(void*, const void*, uint32_t)	8	static
../TouchGFX/target/TouchGFXHAL.cpp:116:6:virtual void TouchGFXHAL::configureInterrupts()	8	static
../TouchGFX/target/TouchGFXHAL.cpp:129:6:virtual void TouchGFXHAL::enableInterrupts()	8	static
../TouchGFX/target/TouchGFXHAL.cpp:142:6:virtual void TouchGFXHAL::disableInterrupts()	8	static
../TouchGFX/target/TouchGFXHAL.cpp:156:6:virtual void TouchGFXHAL::enableLCDControllerInterrupt()	8	static
../TouchGFX/target/TouchGFXHAL.cpp:166:6:virtual bool TouchGFXHAL::beginFrame()	8	static
../TouchGFX/target/TouchGFXHAL.cpp:171:6:virtual void TouchGFXHAL::endFrame()	8	static
../Middlewares/ST/touchgfx/framework/include/touchgfx/hal/HAL.hpp:720:18:virtual void touchgfx::HAL::setFrameBufferStartAddresses(void*, void*, void*)	8	static
../Middlewares/ST/touchgfx/framework/include/touchgfx/hal/HAL.hpp:156:18:virtual void touchgfx::HAL::setFrameBufferSize(uint16_t, uint16_t)	8	static
../Middlewares/ST/touchgfx/framework/include/touchgfx/hal/HAL.hpp:638:18:virtual void touchgfx::HAL::backPorchExited()	8	static
../TouchGFX/target/TouchGFXHAL.hpp:108:18:virtual void TouchGFXHAL::flushFrameBuffer()	8	static
../TouchGFX/target/TouchGFXHAL.hpp:36:7:virtual TouchGFXHAL::~TouchGFXHAL()	8	static
