../Core/Src/ili9341.c:66:6:ILI9341_Init	8	static
../Core/Src/ili9341.c:188:6:ILI9341_SetWindow	24	static
../Core/Src/ili9341.c:205:6:ILI9341_WritePixel	24	static
../Core/Src/ili9341.c:219:13:ConvHL	24	static
../Core/Src/ili9341.c:234:6:ILI9341_DrawBitmap	16	static
../Core/Src/ili9341.c:255:6:ILI9341_EndOfDrawBitmap	4	static
../Core/Src/ili9341.c:264:6:ILI9341_Reset	8	static
../Core/Src/ili9341.c:274:6:ILI9341_SoftReset	16	static
../Core/Src/ili9341.c:286:6:LCD_WR_REG	16	static
../Core/Src/ili9341.c:294:13:LCD_WR_DATA	16	static
../Core/Src/ili9341.c:302:6:LCD_IO_WriteMultipleData	16	static
../Core/Src/ili9341.c:321:13:LCD_direction	16	static
../Core/Src/ili9341.c:343:13:RESET_L	8	static
../Core/Src/ili9341.c:348:13:RESET_H	8	static
../Core/Src/ili9341.c:353:13:CS_L	8	static
../Core/Src/ili9341.c:358:13:DC_L	8	static
../Core/Src/ili9341.c:363:13:DC_H	8	static
../Core/Src/ili9341.c:368:13:LED_H	4	static
