../Core/Src/ili9341.c:364:13:DC_H	0	static
../Core/Src/ili9341.c:295:13:LCD_WR_DATA	16	static
../Core/Src/ili9341.c:256:6:ILI9341_EndOfDrawBitmap	0	static
../Core/Src/ili9341.c:265:6:ILI9341_Reset	8	static
../Core/Src/ili9341.c:275:6:ILI9341_SoftReset	16	static
../Core/Src/ili9341.c:287:6:LCD_WR_REG	16	static
../Core/Src/ili9341.c:189:6:ILI9341_SetWindow	24	static
../Core/Src/ili9341.c:206:6:ILI9341_WritePixel	16	static
../Core/Src/ili9341.c:235:6:ILI9341_DrawBitmap	16	static
../Core/Src/ili9341.c:66:6:ILI9341_Init	8	static
../Core/Src/ili9341.c:303:6:LCD_IO_WriteMultipleData	16	static
