../Core/Src/main.c:568:13:MX_GPIO_Init	88	static
../Core/Src/main.c:550:13:MX_DMA_Init	16	static
../Core/Src/main.c:79:6:HAL_TIM_PeriodElapsedCallback	8	static
../Core/Src/main.c:642:6:Error_Handler	0	static,ignoring_inline_asm
../Core/Src/main.c:411:13:MX_SPI1_Init	8	static
../Core/Src/main.c:459:13:MX_SPI5_Init	8	static
../Core/Src/main.c:329:13:MX_CRC_Init	8	static
../Core/Src/main.c:261:13:MX_ADC1_Init	56	static
../Core/Src/main.c:360:13:MX_OCTOSPI1_Init	32	static
../Core/Src/main.c:507:13:MX_TIM2_Init	40	static
../Core/Src/main.c:200:6:SystemClock_Config	120	static
../Core/Src/main.c:95:5:main	80	static,ignoring_inline_asm
