../Core/Src/main.c:81:5:main	8	static
../Core/Src/main.c:142:6:SystemClock_Config	120	static
../Core/Src/main.c:202:13:MX_ADC1_Init	56	static
../Core/Src/main.c:270:13:MX_CRC_Init	8	static
../Core/Src/main.c:301:13:MX_OCTOSPI1_Init	32	static
../Core/Src/main.c:352:13:MX_SPI1_Init	8	static
../Core/Src/main.c:400:13:MX_SPI5_Init	8	static
../Core/Src/main.c:446:13:MX_DMA_Init	16	static
../Core/Src/main.c:464:13:MX_GPIO_Init	64	static
../Core/Src/main.c:542:6:Error_Handler	4	static,ignoring_inline_asm
