../Core/Src/stm32h7xx_hal_msp.c:65:6:HAL_MspInit	8	static
../Core/Src/stm32h7xx_hal_msp.c:86:6:HAL_ADC_MspInit	240	static
../Core/Src/stm32h7xx_hal_msp.c:161:6:HAL_ADC_MspDeInit	8	static
../Core/Src/stm32h7xx_hal_msp.c:200:6:HAL_CRC_MspInit	8	static
../Core/Src/stm32h7xx_hal_msp.c:222:6:HAL_CRC_MspDeInit	0	static
../Core/Src/stm32h7xx_hal_msp.c:244:6:HAL_OSPI_MspInit	256	static
../Core/Src/stm32h7xx_hal_msp.c:335:6:HAL_OSPI_MspDeInit	8	static
../Core/Src/stm32h7xx_hal_msp.c:377:6:HAL_SPI_MspInit	248	static
../Core/Src/stm32h7xx_hal_msp.c:512:6:HAL_SPI_MspDeInit	8	static
../Core/Src/stm32h7xx_hal_msp.c:572:6:HAL_TIM_Base_MspInit	16	static
../Core/Src/stm32h7xx_hal_msp.c:597:6:HAL_TIM_Base_MspDeInit	0	static
